[3966915076] ERROR reading /home/acl2/books/std/strings/binary.lisp: no dispatch function defined for #\!

                                                                       Stream: #<SB-SYS:FD-STREAM for "file /home/acl2/books/std/strings/binary.lisp" {100BAFBFA3}>
[3966915076] ERROR reading /home/acl2/books/std/strings/pretty.lisp: no dispatch function defined for #\{

                                                                       Stream: #<SB-SYS:FD-STREAM for "file /home/acl2/books/std/strings/pretty.lisp" {100BBBA873}>
[3966915076] ERROR reading /home/acl2/books/std/strings/pretty-tests.lisp: Lock
                                                                           on
                                                                           package
                                                                           COMMON-LISP
                                                                           violated
                                                                           when
                                                                           interning ASDF
                                                                           while
                                                                           in
                                                                           package
                                                                           ACL2ML-COMPLETE-ORIGINAL.
See also:
  The SBCL Manual, Node "Package Locks"
  The ANSI Standard, Section 11.1.2.1.2
[3966915076] ERROR reading /home/acl2/books/std/io/serialize-tests.lisp: Lock
                                                                         on
                                                                         package
                                                                         COMMON-LISP
                                                                         violated
                                                                         when
                                                                         interning FOO
                                                                         while
                                                                         in
                                                                         package
                                                                         ACL2ML-COMPLETE-ORIGINAL.
See also:
  The SBCL Manual, Node "Package Locks"
  The ANSI Standard, Section 11.1.2.1.2
[3966915076] ERROR reading /home/acl2/books/std/system/fresh-logical-name-with-dollars-suffix-tests.lisp: Lock
                                                                                                          on
                                                                                                          package
                                                                                                          COMMON-LISP
                                                                                                          violated
                                                                                                          when
                                                                                                          interning TH
                                                                                                          while
                                                                                                          in
                                                                                                          package
                                                                                                          ACL2ML-COMPLETE-ORIGINAL.
See also:
  The SBCL Manual, Node "Package Locks"
  The ANSI Standard, Section 11.1.2.1.2
[3966915076] ERROR reading /home/acl2/books/std/system/add-suffix-to-fn-or-const-tests.lisp: Lock
                                                                                             on
                                                                                             package
                                                                                             COMMON-LISP
                                                                                             violated
                                                                                             when
                                                                                             interning FN
                                                                                             while
                                                                                             in
                                                                                             package
                                                                                             ACL2ML-COMPLETE-ORIGINAL.
See also:
  The SBCL Manual, Node "Package Locks"
  The ANSI Standard, Section 11.1.2.1.2
[3966915076] ERROR reading /home/acl2/books/std/stobjs/nested-stobjs.lisp: no dispatch function defined for #\!

                                                                             Stream: #<SB-SYS:FD-STREAM for "file /home/acl2/books/std/stobjs/nested-stobjs.lisp" {100C4AD903}>
[3966915076] ERROR reading /home/acl2/books/std/bitsets/bitsets-tests.lisp: no dispatch function defined for #\u

                                                                              Stream: #<SB-SYS:FD-STREAM for "file /home/acl2/books/std/bitsets/bitsets-tests.lisp" {10033C43A3}>
[3966915076] ERROR reading /home/acl2/books/std/basic/organize-symbols-by-pkg-tests.lisp: Lock
                                                                                          on
                                                                                          package
                                                                                          COMMON-LISP
                                                                                          violated
                                                                                          when
                                                                                          interning IN-COMMON-LISP
                                                                                          while
                                                                                          in
                                                                                          package
                                                                                          ACL2ML-COMPLETE-ORIGINAL.
See also:
  The SBCL Manual, Node "Package Locks"
  The ANSI Standard, Section 11.1.2.1.2
[3966915076] ERROR reading /home/acl2/books/std/basic/organize-symbols-by-name-tests.lisp: Lock
                                                                                           on
                                                                                           package
                                                                                           COMMON-LISP
                                                                                           violated
                                                                                           when
                                                                                           interning IN-COMMON-LISP
                                                                                           while
                                                                                           in
                                                                                           package
                                                                                           ACL2ML-COMPLETE-ORIGINAL.
See also:
  The SBCL Manual, Node "Package Locks"
  The ANSI Standard, Section 11.1.2.1.2
[3966915076] ERROR reading /home/acl2/books/std/util/defmapappend.lisp: no dispatch function defined for #\!

                                                                          Stream: #<SB-SYS:FD-STREAM for "file /home/acl2/books/std/util/defmapappend.lisp" {1003BDE4A3}>
[3966915076] ERROR reading /home/acl2/books/std/util/tests/deflist.lisp: no dispatch function defined for #\!

                                                                           Stream: #<SB-SYS:FD-STREAM for "file /home/acl2/books/std/util/tests/deflist.lisp" {1003C9D2F3}>
[3966915076] ERROR reading /home/acl2/books/std/util/tests/defrule.lisp: no dispatch function defined for #\!

                                                                           Stream: #<SB-SYS:FD-STREAM for "file /home/acl2/books/std/util/tests/defrule.lisp" {1003C9FA93}>
[3966915076] ERROR reading /home/acl2/books/std/util/tests/define-sk.lisp: no dispatch function defined for #\!

                                                                             Stream: #<SB-SYS:FD-STREAM for "file /home/acl2/books/std/util/tests/define-sk.lisp" {1003CCA4B3}>
[3966915076] ERROR reading /home/acl2/books/std/util/tests/defalist.lisp: no dispatch function defined for #\!

                                                                            Stream: #<SB-SYS:FD-STREAM for "file /home/acl2/books/std/util/tests/defalist.lisp" {1003CFEAF3}>
[3966915076] ERROR reading /home/acl2/books/std/util/define.lisp: no dispatch function defined for #\!

                                                                    Stream: #<SB-SYS:FD-STREAM for "file /home/acl2/books/std/util/define.lisp" {1003DCB123}>
[3966915076] ERROR reading /home/acl2/books/std/util/defaggregate.lisp: no dispatch function defined for #\!

                                                                          Stream: #<SB-SYS:FD-STREAM for "file /home/acl2/books/std/util/defaggregate.lisp" {10042C0343}>
[3966915076] ERROR reading /home/acl2/books/std/util/add-io-pairs-tests.lisp: The
                                                                              variable
                                                                              PRIMES::*SECP256K1-FIELD-PRIME*
                                                                              is
                                                                              unbound.
[3966915076] ERROR reading /home/acl2/books/std/util/defalist.lisp: no dispatch function defined for #\!

                                                                      Stream: #<SB-SYS:FD-STREAM for "file /home/acl2/books/std/util/defalist.lisp" {10046FA773}>
[3966915076] ERROR reading /home/acl2/books/std/util/extensions/assert-return-thms.lisp: no dispatch function defined for #\!

                                                                                           Stream: #<SB-SYS:FD-STREAM for "file /home/acl2/books/std/util/extensions/assert-return-thms.lisp" {100480EAB3}>
[3966915076] ERROR reading /home/acl2/books/std/util/defprojection.lisp: no dispatch function defined for #\!

                                                                           Stream: #<SB-SYS:FD-STREAM for "file /home/acl2/books/std/util/defprojection.lisp" {10048FBF63}>
[3966915076] ERROR reading /home/acl2/books/std/portcullis.lisp: no dispatch function defined for #\!

                                                                   Stream: #<SB-SYS:FD-STREAM for "file /home/acl2/books/std/portcullis.lisp" {1004A18103}>
[3966915077] ERROR reading /home/acl2/books/misc/sin-cos.lisp: no dispatch function defined for #\{

                                                                 Stream: #<SB-SYS:FD-STREAM for "file /home/acl2/books/misc/sin-cos.lisp" {1006F41583}>
[3966915077] ERROR reading /home/acl2/books/tools/flag.lisp: no dispatch function defined for #\!

                                                               Stream: #<SB-SYS:FD-STREAM for "file /home/acl2/books/tools/flag.lisp" {100CCED703}>
[3966915077] ERROR reading /home/acl2/books/xdoc/preprocess.lisp: no dispatch function defined for #\!

                                                                    Stream: #<SB-SYS:FD-STREAM for "file /home/acl2/books/xdoc/preprocess.lisp" {100CE97413}>
[3966915077] ERROR reading /home/acl2/books/system/doc/acl2-doc.lisp: Package OSLIB does not exist.

                                                                        Stream: #<SB-SYS:FD-STREAM for "file /home/acl2/books/system/doc/acl2-doc.lisp" {1001ADF003}>
[3966915077] ERROR reading /home/acl2/books/system/doc/acl2-doc-wrap.lisp: no dispatch function defined for #\!

                                                                             Stream: #<SB-SYS:FD-STREAM for "file /home/acl2/books/system/doc/acl2-doc-wrap.lisp" {1001AF2FA3}>
[3966915077] ERROR reading /home/acl2/books/kestrel/crypto/primes/top.lisp: Package CRYPTO does not exist.

                                                                              Stream: #<SB-SYS:FD-STREAM for "file /home/acl2/books/kestrel/crypto/primes/top.lisp" {1003D8FB43}>
[3966915077] ERROR reading /home/acl2/books/arithmetic/equalities.lisp: Package ACL2-CRG does not exist.

                                                                          Stream: #<SB-SYS:FD-STREAM for "file /home/acl2/books/arithmetic/equalities.lisp" {100480E443}>
[3966915077] ERROR reading /home/acl2/books/centaur/bitops/fast-logext.lisp: no dispatch function defined for #\u

                                                                               Stream: #<SB-SYS:FD-STREAM for "file /home/acl2/books/centaur/bitops/fast-logext.lisp" {100564F0C3}>
[3966915077] ERROR reading /home/acl2/books/centaur/bitops/ihsext-basics.lisp: no dispatch function defined for #\!

                                                                                 Stream: #<SB-SYS:FD-STREAM for "file /home/acl2/books/centaur/bitops/ihsext-basics.lisp" {10056EFE63}>
[3966915248] ERROR reading /home/acl2/books/std/strings/binary.lisp: no dispatch function defined for #\!

                                                                       Stream: #<SB-SYS:FD-STREAM for "file /home/acl2/books/std/strings/binary.lisp" {100BB8BFA3}>
[3966915248] ERROR reading /home/acl2/books/std/strings/pretty.lisp: no dispatch function defined for #\{

                                                                       Stream: #<SB-SYS:FD-STREAM for "file /home/acl2/books/std/strings/pretty.lisp" {100BC4A873}>
[3966915248] ERROR reading /home/acl2/books/std/strings/pretty-tests.lisp: Lock
                                                                           on
                                                                           package
                                                                           COMMON-LISP
                                                                           violated
                                                                           when
                                                                           interning ASDF
                                                                           while
                                                                           in
                                                                           package
                                                                           ACL2ML-COMPLETE-ORIGINAL.
See also:
  The SBCL Manual, Node "Package Locks"
  The ANSI Standard, Section 11.1.2.1.2
[3966915248] ERROR reading /home/acl2/books/std/io/serialize-tests.lisp: Lock
                                                                         on
                                                                         package
                                                                         COMMON-LISP
                                                                         violated
                                                                         when
                                                                         interning FOO
                                                                         while
                                                                         in
                                                                         package
                                                                         ACL2ML-COMPLETE-ORIGINAL.
See also:
  The SBCL Manual, Node "Package Locks"
  The ANSI Standard, Section 11.1.2.1.2
[3966915248] ERROR reading /home/acl2/books/std/system/fresh-logical-name-with-dollars-suffix-tests.lisp: Lock
                                                                                                          on
                                                                                                          package
                                                                                                          COMMON-LISP
                                                                                                          violated
                                                                                                          when
                                                                                                          interning TH
                                                                                                          while
                                                                                                          in
                                                                                                          package
                                                                                                          ACL2ML-COMPLETE-ORIGINAL.
See also:
  The SBCL Manual, Node "Package Locks"
  The ANSI Standard, Section 11.1.2.1.2
[3966915248] ERROR reading /home/acl2/books/std/system/add-suffix-to-fn-or-const-tests.lisp: Lock
                                                                                             on
                                                                                             package
                                                                                             COMMON-LISP
                                                                                             violated
                                                                                             when
                                                                                             interning FN
                                                                                             while
                                                                                             in
                                                                                             package
                                                                                             ACL2ML-COMPLETE-ORIGINAL.
See also:
  The SBCL Manual, Node "Package Locks"
  The ANSI Standard, Section 11.1.2.1.2
[3966915248] ERROR reading /home/acl2/books/std/stobjs/nested-stobjs.lisp: no dispatch function defined for #\!

                                                                             Stream: #<SB-SYS:FD-STREAM for "file /home/acl2/books/std/stobjs/nested-stobjs.lisp" {100C53D903}>
[3966915248] ERROR reading /home/acl2/books/std/bitsets/bitsets-tests.lisp: no dispatch function defined for #\u

                                                                              Stream: #<SB-SYS:FD-STREAM for "file /home/acl2/books/std/bitsets/bitsets-tests.lisp" {10034543A3}>
[3966915248] ERROR reading /home/acl2/books/std/basic/organize-symbols-by-pkg-tests.lisp: Lock
                                                                                          on
                                                                                          package
                                                                                          COMMON-LISP
                                                                                          violated
                                                                                          when
                                                                                          interning IN-COMMON-LISP
                                                                                          while
                                                                                          in
                                                                                          package
                                                                                          ACL2ML-COMPLETE-ORIGINAL.
See also:
  The SBCL Manual, Node "Package Locks"
  The ANSI Standard, Section 11.1.2.1.2
[3966915248] ERROR reading /home/acl2/books/std/basic/organize-symbols-by-name-tests.lisp: Lock
                                                                                           on
                                                                                           package
                                                                                           COMMON-LISP
                                                                                           violated
                                                                                           when
                                                                                           interning IN-COMMON-LISP
                                                                                           while
                                                                                           in
                                                                                           package
                                                                                           ACL2ML-COMPLETE-ORIGINAL.
See also:
  The SBCL Manual, Node "Package Locks"
  The ANSI Standard, Section 11.1.2.1.2
[3966915248] ERROR reading /home/acl2/books/std/util/defmapappend.lisp: no dispatch function defined for #\!

                                                                          Stream: #<SB-SYS:FD-STREAM for "file /home/acl2/books/std/util/defmapappend.lisp" {1003C5E4A3}>
[3966915248] ERROR reading /home/acl2/books/std/util/tests/deflist.lisp: no dispatch function defined for #\!

                                                                           Stream: #<SB-SYS:FD-STREAM for "file /home/acl2/books/std/util/tests/deflist.lisp" {1003D1D2F3}>
[3966915248] ERROR reading /home/acl2/books/std/util/tests/defrule.lisp: no dispatch function defined for #\!

                                                                           Stream: #<SB-SYS:FD-STREAM for "file /home/acl2/books/std/util/tests/defrule.lisp" {1003D1FA93}>
[3966915248] ERROR reading /home/acl2/books/std/util/tests/define-sk.lisp: no dispatch function defined for #\!

                                                                             Stream: #<SB-SYS:FD-STREAM for "file /home/acl2/books/std/util/tests/define-sk.lisp" {1003D5A4B3}>
[3966915248] ERROR reading /home/acl2/books/std/util/tests/defalist.lisp: no dispatch function defined for #\!

                                                                            Stream: #<SB-SYS:FD-STREAM for "file /home/acl2/books/std/util/tests/defalist.lisp" {1003D7EAF3}>
[3966915248] ERROR reading /home/acl2/books/std/util/define.lisp: no dispatch function defined for #\!

                                                                    Stream: #<SB-SYS:FD-STREAM for "file /home/acl2/books/std/util/define.lisp" {1003E4B123}>
[3966915248] ERROR reading /home/acl2/books/std/util/defaggregate.lisp: no dispatch function defined for #\!

                                                                          Stream: #<SB-SYS:FD-STREAM for "file /home/acl2/books/std/util/defaggregate.lisp" {1004350343}>
[3966915248] ERROR reading /home/acl2/books/std/util/add-io-pairs-tests.lisp: The
                                                                              variable
                                                                              PRIMES::*SECP256K1-FIELD-PRIME*
                                                                              is
                                                                              unbound.
[3966915248] ERROR reading /home/acl2/books/std/util/defalist.lisp: no dispatch function defined for #\!

                                                                      Stream: #<SB-SYS:FD-STREAM for "file /home/acl2/books/std/util/defalist.lisp" {100477A773}>
[3966915248] ERROR reading /home/acl2/books/std/util/extensions/assert-return-thms.lisp: no dispatch function defined for #\!

                                                                                           Stream: #<SB-SYS:FD-STREAM for "file /home/acl2/books/std/util/extensions/assert-return-thms.lisp" {100488EAB3}>
[3966915248] ERROR reading /home/acl2/books/std/util/defprojection.lisp: no dispatch function defined for #\!

                                                                           Stream: #<SB-SYS:FD-STREAM for "file /home/acl2/books/std/util/defprojection.lisp" {100497BF63}>
[3966915248] ERROR reading /home/acl2/books/std/portcullis.lisp: no dispatch function defined for #\!

                                                                   Stream: #<SB-SYS:FD-STREAM for "file /home/acl2/books/std/portcullis.lisp" {1004A98103}>
[3966915248] ERROR reading /home/acl2/books/misc/sin-cos.lisp: no dispatch function defined for #\{

                                                                 Stream: #<SB-SYS:FD-STREAM for "file /home/acl2/books/misc/sin-cos.lisp" {1006FC1583}>
[3966915249] ERROR reading /home/acl2/books/tools/flag.lisp: no dispatch function defined for #\!

                                                               Stream: #<SB-SYS:FD-STREAM for "file /home/acl2/books/tools/flag.lisp" {100CD6D703}>
[3966915249] ERROR reading /home/acl2/books/xdoc/preprocess.lisp: no dispatch function defined for #\!

                                                                    Stream: #<SB-SYS:FD-STREAM for "file /home/acl2/books/xdoc/preprocess.lisp" {100CF17413}>
[3966915249] ERROR reading /home/acl2/books/system/doc/acl2-doc.lisp: Package BUILD does not exist.

                                                                        Stream: #<SB-SYS:FD-STREAM for "file /home/acl2/books/system/doc/acl2-doc.lisp" {1001B61033}>
[3966915249] ERROR reading /home/acl2/books/system/doc/acl2-doc-wrap.lisp: no dispatch function defined for #\!

                                                                             Stream: #<SB-SYS:FD-STREAM for "file /home/acl2/books/system/doc/acl2-doc-wrap.lisp" {1001B65673}>
[3966915249] ERROR reading /home/acl2/books/centaur/bitops/fast-logext.lisp: no dispatch function defined for #\u

                                                                               Stream: #<SB-SYS:FD-STREAM for "file /home/acl2/books/centaur/bitops/fast-logext.lisp" {10056CF0C3}>
[3966915249] ERROR reading /home/acl2/books/centaur/bitops/ihsext-basics.lisp: no dispatch function defined for #\!

                                                                                 Stream: #<SB-SYS:FD-STREAM for "file /home/acl2/books/centaur/bitops/ihsext-basics.lisp" {100576FE63}>
